{"synthetic": false,
 "outputs":
 {"o": ["14337682351715913234"],
  "i": "10888924243245253559",
  "c": "5907251766794993148"},
 "log":
 [{"message":
   ".> LEAN_PATH=/Users/manavkanaganapalli/Desktop/Task 1/class-release/Lean4CStheory-Library/.lake/packages/Cli/.lake/build/lib/lean:/Users/manavkanaganapalli/Desktop/Task 1/class-release/Lean4CStheory-Library/.lake/packages/batteries/.lake/build/lib/lean:/Users/manavkanaganapalli/Desktop/Task 1/class-release/Lean4CStheory-Library/.lake/packages/Qq/.lake/build/lib/lean:/Users/manavkanaganapalli/Desktop/Task 1/class-release/Lean4CStheory-Library/.lake/packages/aesop/.lake/build/lib/lean:/Users/manavkanaganapalli/Desktop/Task 1/class-release/Lean4CStheory-Library/.lake/packages/proofwidgets/.lake/build/lib/lean:/Users/manavkanaganapalli/Desktop/Task 1/class-release/Lean4CStheory-Library/.lake/packages/importGraph/.lake/build/lib/lean:/Users/manavkanaganapalli/Desktop/Task 1/class-release/Lean4CStheory-Library/.lake/packages/LeanSearchClient/.lake/build/lib/lean:/Users/manavkanaganapalli/Desktop/Task 1/class-release/Lean4CStheory-Library/.lake/packages/plausible/.lake/build/lib/lean:/Users/manavkanaganapalli/Desktop/Task 1/class-release/Lean4CStheory-Library/.lake/packages/mathlib/.lake/build/lib/lean:/Users/manavkanaganapalli/Desktop/Task 1/class-release/Lean4CStheory-Library/.lake/build/lib/lean /Users/manavkanaganapalli/.elan/toolchains/leanprover--lean4---v4.24.0/bin/lean /Users/manavkanaganapalli/Desktop/Task 1/class-release/Lean4CStheory-Library/src/Lean4CStheory.lean -o /Users/manavkanaganapalli/Desktop/Task 1/class-release/Lean4CStheory-Library/.lake/build/lib/lean/Lean4CStheory.olean -i /Users/manavkanaganapalli/Desktop/Task 1/class-release/Lean4CStheory-Library/.lake/build/lib/lean/Lean4CStheory.ilean -c /Users/manavkanaganapalli/Desktop/Task 1/class-release/Lean4CStheory-Library/.lake/build/ir/Lean4CStheory.c --setup /Users/manavkanaganapalli/Desktop/Task 1/class-release/Lean4CStheory-Library/.lake/build/ir/Lean4CStheory.setup.json --json",
   "level": "trace"}],
 "inputs":
 [["Lean4CStheory:deps",
   [["deps",
     [["Lean4CStheory/Lean4CStheory:extraDep",
       [["@Lean4CStheory:extraDep", "1723"]]],
      ["imports", "1723"]]],
    ["libs",
     [["import dynlibs", "1723"],
      ["package external libraries", "1723"],
      ["module dynlibs", "1723"],
      ["module plugins", "1723"]]]]],
  ["Lean 4.24.0, commit 797c613eb9b6d4ec95db23e3e00af9ac6657f24b",
   "1165570713881806064"],
  ["/Users/manavkanaganapalli/Desktop/Task 1/class-release/Lean4CStheory-Library/src/Lean4CStheory.lean",
   "15568492611471193497"],
  ["options", "1723"],
  ["Module.leanArgs: #[]", "1723"]],
 "depHash": "1742669152035675830"}